// Jest Snapshot v1, https://goo.gl/fbAQLP

exports[`<SingleStoreRender />  should match snapshot  1`] = `
<styled.div
  className="main-wrapper "
>
  <styled.div
    onClick={[Function]}
  >
    <IoMdArrowBack
      size={20}
    />
  </styled.div>
  <styled.div
    className="card-container"
  >
    <styled.div
      className="card"
    >
      <styled.div />
      <styled.div>
        <styled.img
          className="store-img"
          src="https://i.imgur.com/mHpTneT.png"
        />
      </styled.div>
      <styled.div>
        <styled.p
          className="store-name"
        >
           
          Pano's Pizza
           
        </styled.p>
        <styled.p
          className="store-address"
        >
           
          Calle 1 #2-3
           
        </styled.p>
        <styled.p
          className="store-description"
        >
           
          Esta pizzeria se especializa en ingredientes salados
           
        </styled.p>
      </styled.div>
      <styled.div>
        <a
          className="icon-insta"
          href="https://www.instagram.com/panospanama/"
          target="blank"
        >
          <IoLogoInstagram
            color="black"
            size={30}
            style={
              Object {
                "cursor": "pointer",
              }
            }
          />
        </a>
        <a
          className="icon-face"
          href="https://www.facebook.com/pages/category/Restaurant/Panos-Pizza-317669442094075/"
          target="blank"
        >
          <IoLogoFacebook
            color="black"
            size={30}
            style={
              Object {
                "cursor": "pointer",
              }
            }
          />
        </a>
      </styled.div>
    </styled.div>
  </styled.div>
  <styled.div>
    <styled.div
      className="single-product"
      key="1"
    >
      <styled.img
        src="https://i.imgur.com/VX32P7t.png"
      />
      <styled.div
        className="translated"
      >
        <styled.p>
           
          Pizza de Pollo
           
        </styled.p>
      </styled.div>
    </styled.div>
    <styled.div
      className="single-product"
      key="2"
    >
      <styled.img
        src="https://i.imgur.com/zeY319r.png"
      />
      <styled.div
        className="translated"
      >
        <styled.p>
           
          Piza Pollo y Champi単ones
           
        </styled.p>
      </styled.div>
    </styled.div>
    <styled.div
      className="single-product"
      key="3"
    >
      <styled.img
        src="https://i.imgur.com/uDhN1Yv.png"
      />
      <styled.div
        className="translated"
      >
        <styled.p>
           
          Pizza Vegetales
           
        </styled.p>
      </styled.div>
    </styled.div>
    <styled.div
      className="single-product"
      key="4"
    >
      <styled.img
        src="https://i.imgur.com/tEusfMA.png"
      />
      <styled.div
        className="translated"
      >
        <styled.p>
           
          Pizza Vegetales y Atun
           
        </styled.p>
      </styled.div>
    </styled.div>
    <styled.div
      className="single-product"
      key="5"
    >
      <styled.img
        src="https://i.imgur.com/b4Q0aMm.png"
      />
      <styled.div
        className="translated"
      >
        <styled.p>
           
          Pizza 3 Quesos con Champi単ones
           
        </styled.p>
      </styled.div>
    </styled.div>
    <styled.div
      className="single-product"
      key="6"
    >
      <styled.img
        src="https://i.imgur.com/mvk8yd9.png"
      />
      <styled.div
        className="translated"
      >
        <styled.p>
           
          Pizza Jamon y Queso
           
        </styled.p>
      </styled.div>
    </styled.div>
  </styled.div>
</styled.div>
`;

exports[`<SingleStoreRender />  should render the whole component  1`] = `
<styled.div
  className="main-wrapper "
>
  <styled.div
    onClick={[Function]}
  >
    <IoMdArrowBack
      size={20}
    />
  </styled.div>
  <styled.div
    className="card-container"
  >
    <styled.div
      className="card"
    >
      <styled.div />
      <styled.div>
        <styled.img
          className="store-img"
          src="https://i.imgur.com/mHpTneT.png"
        />
      </styled.div>
      <styled.div>
        <styled.p
          className="store-name"
        >
           
          Pano's Pizza
           
        </styled.p>
        <styled.p
          className="store-address"
        >
           
          Calle 1 #2-3
           
        </styled.p>
        <styled.p
          className="store-description"
        >
           
          Esta pizzeria se especializa en ingredientes salados
           
        </styled.p>
      </styled.div>
      <styled.div>
        <a
          className="icon-insta"
          href="https://www.instagram.com/panospanama/"
          target="blank"
        >
          <IoLogoInstagram
            color="black"
            size={30}
            style={
              Object {
                "cursor": "pointer",
              }
            }
          />
        </a>
        <a
          className="icon-face"
          href="https://www.facebook.com/pages/category/Restaurant/Panos-Pizza-317669442094075/"
          target="blank"
        >
          <IoLogoFacebook
            color="black"
            size={30}
            style={
              Object {
                "cursor": "pointer",
              }
            }
          />
        </a>
      </styled.div>
    </styled.div>
  </styled.div>
  <styled.div>
    <styled.div
      className="single-product"
      key="1"
    >
      <styled.img
        src="https://i.imgur.com/VX32P7t.png"
      />
      <styled.div
        className="translated"
      >
        <styled.p>
           
          Pizza de Pollo
           
        </styled.p>
      </styled.div>
    </styled.div>
    <styled.div
      className="single-product"
      key="2"
    >
      <styled.img
        src="https://i.imgur.com/zeY319r.png"
      />
      <styled.div
        className="translated"
      >
        <styled.p>
           
          Piza Pollo y Champi単ones
           
        </styled.p>
      </styled.div>
    </styled.div>
    <styled.div
      className="single-product"
      key="3"
    >
      <styled.img
        src="https://i.imgur.com/uDhN1Yv.png"
      />
      <styled.div
        className="translated"
      >
        <styled.p>
           
          Pizza Vegetales
           
        </styled.p>
      </styled.div>
    </styled.div>
    <styled.div
      className="single-product"
      key="4"
    >
      <styled.img
        src="https://i.imgur.com/tEusfMA.png"
      />
      <styled.div
        className="translated"
      >
        <styled.p>
           
          Pizza Vegetales y Atun
           
        </styled.p>
      </styled.div>
    </styled.div>
    <styled.div
      className="single-product"
      key="5"
    >
      <styled.img
        src="https://i.imgur.com/b4Q0aMm.png"
      />
      <styled.div
        className="translated"
      >
        <styled.p>
           
          Pizza 3 Quesos con Champi単ones
           
        </styled.p>
      </styled.div>
    </styled.div>
    <styled.div
      className="single-product"
      key="6"
    >
      <styled.img
        src="https://i.imgur.com/mvk8yd9.png"
      />
      <styled.div
        className="translated"
      >
        <styled.p>
           
          Pizza Jamon y Queso
           
        </styled.p>
      </styled.div>
    </styled.div>
  </styled.div>
</styled.div>
`;

exports[`<SingleStoreRender /> should find something tho 1`] = `
.c0 {
  width: 100vw;
  display: -webkit-box;
  display: -webkit-flex;
  display: -ms-flexbox;
  display: flex;
  -webkit-flex-direction: column;
  -ms-flex-direction: column;
  flex-direction: column;
  -webkit-box-pack: justify;
  -webkit-justify-content: space-between;
  -ms-flex-pack: justify;
  justify-content: space-between;
  background: rgba(255,255,255,.95);
  -webkit-align-self: flex-end;
  -ms-flex-item-align: end;
  align-self: flex-end;
  height: 80vh;
  border-radius: 30px 30px 0 0;
  box-shadow: 0 -20px 60px rgba(0,0,0,1);
  box-sizing: border-box;
  z-index: 10;
  padding: 20px 0;
  position: relative;
  -webkit-animation: swipe-up 250ms forwards;
  animation: swipe-up 250ms forwards;
}

.c0.hidden {
  -webkit-animation: swipe-down 250ms forwards;
  animation: swipe-down 250ms forwards;
}

.c2 {
  width: 100%;
  min-height: 300px;
}

.c3 {
  width: 100%;
}

.c4 {
  position: absolute;
  width: 220px;
  height: 220px;
  background: #ffd970;
  border-radius: 50%;
  margin: auto;
  left: 0;
  right: 0;
  top: 10%;
  z-index: -1;
}

.c5 {
  display: -webkit-box;
  display: -webkit-flex;
  display: -ms-flexbox;
  display: flex;
  -webkit-box-pack: center;
  -webkit-justify-content: center;
  -ms-flex-pack: center;
  justify-content: center;
}

.c7 {
  display: -webkit-box;
  display: -webkit-flex;
  display: -ms-flexbox;
  display: flex;
  -webkit-flex-direction: column;
  -ms-flex-direction: column;
  flex-direction: column;
  -webkit-box-pack: center;
  -webkit-justify-content: center;
  -ms-flex-pack: center;
  justify-content: center;
  -webkit-align-items: center;
  -webkit-box-align: center;
  -ms-flex-align: center;
  align-items: center;
  z-index: 1000;
}

.c6 {
  margin: auto;
  width: 140px;
  -webkit-transition: all 250ms ease-out;
  transition: all 250ms ease-out;
  z-index: 1000;
}

.c8 {
  margin: 10px 0 10px 0;
  font-size: 30px;
  font-weight: 550;
  -webkit-transition: all .35s ease-out;
  transition: all .35s ease-out;
}

.c9 {
  margin: 0;
  color: #909090;
  -webkit-transition: all .35s ease-out;
  transition: all .35s ease-out;
}

.c10 {
  font-family: 'Montserrat';
  font-weight: 500;
  color: #909090;
  text-align: center;
  font-size: 14px;
  -webkit-transition: all .35s ease-out;
  transition: all .35s ease-out;
  margin: 5px 0 0 0;
  width: 100%;
}

.c12 {
  height: 400px;
  width: 100%;
  overflow: scroll;
  overflow-x: hidden;
  display: -webkit-box;
  display: -webkit-flex;
  display: -ms-flexbox;
  display: flex;
  -webkit-box-pack: space-around;
  -webkit-justify-content: space-around;
  -ms-flex-pack: space-around;
  justify-content: space-around;
  -webkit-flex-wrap: wrap;
  -ms-flex-wrap: wrap;
  flex-wrap: wrap;
}

.c13 {
  width: 320px;
  margin-bottom: 20px;
  display: -webkit-box;
  display: -webkit-flex;
  display: -ms-flexbox;
  display: flex;
  -webkit-box-pack: justify;
  -webkit-justify-content: space-between;
  -ms-flex-pack: justify;
  justify-content: space-between;
  box-sizing: border-box;
  box-shadow: 0 3px 8px rgba(0,0,0,.4);
  cursor: pointer;
}

.c14 {
  width: 150px;
  position: relative;
  z-index: 100;
  cursor: pointer;
}

.c15 {
  width: 170px;
  background: #ffd970;
  display: -webkit-box;
  display: -webkit-flex;
  display: -ms-flexbox;
  display: flex;
  -webkit-align-items: center;
  -webkit-box-align: center;
  -ms-flex-align: center;
  align-items: center;
  -webkit-transition: ease-in-out 250ms;
  transition: ease-in-out 250ms;
  padding-right: 10px;
  box-sizing: border-box;
}

.c16 {
  font-family: 'Montserrat';
  margin: auto 0 auto 20px;
  font-size: 14px;
}

.c1 {
  position: absolute;
  top: 3%;
  right: 4%;
  cursor: pointer;
}

.c11 {
  width: 100%;
  display: -webkit-box;
  display: -webkit-flex;
  display: -ms-flexbox;
  display: flex;
  -webkit-box-pack: center;
  -webkit-justify-content: center;
  -ms-flex-pack: center;
  justify-content: center;
  -webkit-align-items: center;
  -webkit-box-align: center;
  -ms-flex-align: center;
  align-items: center;
  position: relative;
  z-index: 1000;
  margin-top: 0;
}

@media (min-width:920px) {
  .c0 {
    -webkit-animation: swipe-left 250ms forwards;
    animation: swipe-left 250ms forwards;
    border-radius: 0;
    background: white;
    height: 100vh;
    width: 50vw;
  }

  .c0.hidden {
    -webkit-animation: swipe-right 250ms forwards;
    animation: swipe-right 250ms forwards;
  }
}

@media (min-width:920px) {
  .c2 {
    width: 600px;
    min-height: 400px;
    display: -webkit-box;
    display: -webkit-flex;
    display: -ms-flexbox;
    display: flex;
    -webkit-box-pack: center;
    -webkit-justify-content: center;
    -ms-flex-pack: center;
    justify-content: center;
    -webkit-perspective: 1000px;
    -moz-perspective: 1000px;
    -ms-perspective: 1000px;
    perspective: 1000px;
  }
}

@media (min-width:920px) {
  .c3 {
    -webkit-transform-style: preserve-3d;
    -ms-transform-style: preserve-3d;
    transform-style: preserve-3d;
    min-height: 400px;
    width: 300px;
    background: white;
    box-shadow: 0 20px 20px rgba(0,0,0,.2),0 0 50px rgba(0,0,0,.2);
    border-radius: 12px;
    display: -webkit-box;
    display: -webkit-flex;
    display: -ms-flexbox;
    display: flex;
    -webkit-flex-direction: column;
    -ms-flex-direction: column;
    flex-direction: column;
    -webkit-box-pack: center;
    -webkit-justify-content: center;
    -ms-flex-pack: center;
    justify-content: center;
    -webkit-align-items: center;
    -webkit-box-align: center;
    -ms-flex-align: center;
    align-items: center;
    position: relative;
  }
}

@media (min-width:920px) {
  .c10 {
    margin: 25px 0 0 0;
    width: 100%;
  }
}

@media (min-width:920px) {
  .c11 {
    margin-top: 40px;
  }
}

<div
  className="c0 main-wrapper "
>
  <div
    className="c1"
    onClick={[Function]}
  >
    <svg
      fill="currentColor"
      height={20}
      size={20}
      stroke="currentColor"
      strokeWidth="0"
      style={
        Object {
          "color": undefined,
        }
      }
      viewBox="0 0 512 512"
      width={20}
      xmlns="http://www.w3.org/2000/svg"
    >
      <path
        d="M427 234.625H167.296l119.702-119.702L256 85 85 256l171 171 29.922-29.924-118.626-119.701H427v-42.75z"
      />
    </svg>
  </div>
  <div
    className="c2 card-container"
  >
    <div
      className="c3 card"
    >
      <div
        className="c4"
      />
      <div
        className="c5"
      >
        <img
          className="c6 store-img"
          src="https://i.imgur.com/mHpTneT.png"
        />
      </div>
      <div
        className="c7"
      >
        <p
          className="c8 store-name"
        >
           
          Pano's Pizza
           
        </p>
        <p
          className="c9 store-address"
        >
           
          Calle 1 #2-3
           
        </p>
        <p
          className="c10 store-description"
        >
           
          Esta pizzeria se especializa en ingredientes salados
           
        </p>
      </div>
      <div
        className="c11"
      >
        <a
          className="icon-insta"
          href="https://www.instagram.com/panospanama/"
          target="blank"
        >
          <svg
            color="black"
            fill="currentColor"
            height={30}
            size={30}
            stroke="currentColor"
            strokeWidth="0"
            style={
              Object {
                "color": "black",
                "cursor": "pointer",
              }
            }
            viewBox="0 0 512 512"
            width={30}
            xmlns="http://www.w3.org/2000/svg"
          >
            <path
              d="M336 96c21.2 0 41.3 8.4 56.5 23.5S416 154.8 416 176v160c0 21.2-8.4 41.3-23.5 56.5S357.2 416 336 416H176c-21.2 0-41.3-8.4-56.5-23.5S96 357.2 96 336V176c0-21.2 8.4-41.3 23.5-56.5S154.8 96 176 96h160m0-32H176c-61.6 0-112 50.4-112 112v160c0 61.6 50.4 112 112 112h160c61.6 0 112-50.4 112-112V176c0-61.6-50.4-112-112-112z"
            />
            <path
              d="M360 176c-13.3 0-24-10.7-24-24s10.7-24 24-24c13.2 0 24 10.7 24 24s-10.8 24-24 24zM256 192c35.3 0 64 28.7 64 64s-28.7 64-64 64-64-28.7-64-64 28.7-64 64-64m0-32c-53 0-96 43-96 96s43 96 96 96 96-43 96-96-43-96-96-96z"
            />
          </svg>
        </a>
        <a
          className="icon-face"
          href="https://www.facebook.com/pages/category/Restaurant/Panos-Pizza-317669442094075/"
          target="blank"
        >
          <svg
            color="black"
            fill="currentColor"
            height={30}
            size={30}
            stroke="currentColor"
            strokeWidth="0"
            style={
              Object {
                "color": "black",
                "cursor": "pointer",
              }
            }
            viewBox="0 0 512 512"
            width={30}
            xmlns="http://www.w3.org/2000/svg"
          >
            <path
              d="M426.8 64H85.2C73.5 64 64 73.5 64 85.2v341.6c0 11.7 9.5 21.2 21.2 21.2H256V296h-45.9v-56H256v-41.4c0-49.6 34.4-76.6 78.7-76.6 21.2 0 44 1.6 49.3 2.3v51.8h-35.3c-24.1 0-28.7 11.4-28.7 28.2V240h57.4l-7.5 56H320v152h106.8c11.7 0 21.2-9.5 21.2-21.2V85.2c0-11.7-9.5-21.2-21.2-21.2z"
            />
          </svg>
        </a>
      </div>
    </div>
  </div>
  <div
    className="c12"
  >
    <div
      className="c13 single-product"
    >
      <img
        className="c14"
        src="https://i.imgur.com/VX32P7t.png"
      />
      <div
        className="c15 translated"
      >
        <p
          className="c16"
        >
           
          Pizza de Pollo
           
        </p>
      </div>
    </div>
    <div
      className="c13 single-product"
    >
      <img
        className="c14"
        src="https://i.imgur.com/zeY319r.png"
      />
      <div
        className="c15 translated"
      >
        <p
          className="c16"
        >
           
          Piza Pollo y Champi単ones
           
        </p>
      </div>
    </div>
    <div
      className="c13 single-product"
    >
      <img
        className="c14"
        src="https://i.imgur.com/uDhN1Yv.png"
      />
      <div
        className="c15 translated"
      >
        <p
          className="c16"
        >
           
          Pizza Vegetales
           
        </p>
      </div>
    </div>
    <div
      className="c13 single-product"
    >
      <img
        className="c14"
        src="https://i.imgur.com/tEusfMA.png"
      />
      <div
        className="c15 translated"
      >
        <p
          className="c16"
        >
           
          Pizza Vegetales y Atun
           
        </p>
      </div>
    </div>
    <div
      className="c13 single-product"
    >
      <img
        className="c14"
        src="https://i.imgur.com/b4Q0aMm.png"
      />
      <div
        className="c15 translated"
      >
        <p
          className="c16"
        >
           
          Pizza 3 Quesos con Champi単ones
           
        </p>
      </div>
    </div>
    <div
      className="c13 single-product"
    >
      <img
        className="c14"
        src="https://i.imgur.com/mvk8yd9.png"
      />
      <div
        className="c15 translated"
      >
        <p
          className="c16"
        >
           
          Pizza Jamon y Queso
           
        </p>
      </div>
    </div>
  </div>
</div>
`;
